// Jest Snapshot v1, https://goo.gl/fbAQLP

exports[`Calls endpoint and render nav item 1`] = `
Object {
  "asFragment": [Function],
  "baseElement": <body>
    <div>
      <aside
        class="sc-bczRLJ fjwDpE"
        open=""
      >
        <button
          aria-expanded="true"
          class="toggleDrawerBtn"
          type="button"
        >
          <img
            alt="Toggle left drawer"
            class="toggleDrawerImg"
            src="list.svg"
          />
        </button>
        <nav
          class="sc-gKXOVf iHJRWE"
        >
          <ul>
            <li
              class="sc-eCYdqJ emajkZ closed"
              id="menu-reporting"
            >
              <button
                aria-expanded="false"
                class="itemHead"
                data-testid="itemHead"
              >
                <div
                  class="logoAndTitle"
                >
                  <img
                    alt="nav logo"
                    class="itemLogo"
                    src="basket3.svg"
                  />
                  <span
                    class="titleText"
                  >
                    Mocked Reporting
                  </span>
                </div>
              </button>
              <div
                class="itemBody"
              />
            </li>
          </ul>
        </nav>
      </aside>
      <div
        class="sc-ftvSup"
      >
        <header
          class="sc-hKMtZM eKgZKc"
        >
          <img
            alt="logo"
            class="sc-gsnTZi exkqoG"
            src="wayfair-partner-home-logo.svg"
          />
          <nav
            class="sc-dkzDqf"
          />
        </header>
        <main
          class="sc-iBkjds"
        />
      </div>
    </div>
  </body>,
  "container": <div>
    <aside
      class="sc-bczRLJ fjwDpE"
      open=""
    >
      <button
        aria-expanded="true"
        class="toggleDrawerBtn"
        type="button"
      >
        <img
          alt="Toggle left drawer"
          class="toggleDrawerImg"
          src="list.svg"
        />
      </button>
      <nav
        class="sc-gKXOVf iHJRWE"
      >
        <ul>
          <li
            class="sc-eCYdqJ emajkZ closed"
            id="menu-reporting"
          >
            <button
              aria-expanded="false"
              class="itemHead"
              data-testid="itemHead"
            >
              <div
                class="logoAndTitle"
              >
                <img
                  alt="nav logo"
                  class="itemLogo"
                  src="basket3.svg"
                />
                <span
                  class="titleText"
                >
                  Mocked Reporting
                </span>
              </div>
            </button>
            <div
              class="itemBody"
            />
          </li>
        </ul>
      </nav>
    </aside>
    <div
      class="sc-ftvSup"
    >
      <header
        class="sc-hKMtZM eKgZKc"
      >
        <img
          alt="logo"
          class="sc-gsnTZi exkqoG"
          src="wayfair-partner-home-logo.svg"
        />
        <nav
          class="sc-dkzDqf"
        />
      </header>
      <main
        class="sc-iBkjds"
      />
    </div>
  </div>,
  "debug": [Function],
  "findAllByAltText": [Function],
  "findAllByDisplayValue": [Function],
  "findAllByLabelText": [Function],
  "findAllByPlaceholderText": [Function],
  "findAllByRole": [Function],
  "findAllByTestId": [Function],
  "findAllByText": [Function],
  "findAllByTitle": [Function],
  "findByAltText": [Function],
  "findByDisplayValue": [Function],
  "findByLabelText": [Function],
  "findByPlaceholderText": [Function],
  "findByRole": [Function],
  "findByTestId": [Function],
  "findByText": [Function],
  "findByTitle": [Function],
  "getAllByAltText": [Function],
  "getAllByDisplayValue": [Function],
  "getAllByLabelText": [Function],
  "getAllByPlaceholderText": [Function],
  "getAllByRole": [Function],
  "getAllByTestId": [Function],
  "getAllByText": [Function],
  "getAllByTitle": [Function],
  "getByAltText": [Function],
  "getByDisplayValue": [Function],
  "getByLabelText": [Function],
  "getByPlaceholderText": [Function],
  "getByRole": [Function],
  "getByTestId": [Function],
  "getByText": [Function],
  "getByTitle": [Function],
  "queryAllByAltText": [Function],
  "queryAllByDisplayValue": [Function],
  "queryAllByLabelText": [Function],
  "queryAllByPlaceholderText": [Function],
  "queryAllByRole": [Function],
  "queryAllByTestId": [Function],
  "queryAllByText": [Function],
  "queryAllByTitle": [Function],
  "queryByAltText": [Function],
  "queryByDisplayValue": [Function],
  "queryByLabelText": [Function],
  "queryByPlaceholderText": [Function],
  "queryByRole": [Function],
  "queryByTestId": [Function],
  "queryByText": [Function],
  "queryByTitle": [Function],
  "rerender": [Function],
  "unmount": [Function],
}
`;
